2025-05-01 14:33:48,805 - INFO - START ethical_guardrails =============================================
2025-05-01 14:33:48,805 - INFO - START ethical_guardrails Start Time = 2025-05-01 14:33:48
2025-05-01 14:33:48,807 - INFO - ethical_guardrails Step 0 - Initialize the configuration file parser
2025-05-01 14:33:48,810 - INFO - Process ethical_guardrails Step 0 - Initializing and starting Logging Process.
2025-05-01 14:38:26,578 - ERROR - No such comm target registered: jupyter.widget.control
2025-05-01 14:38:26,584 - WARNING - No such comm: 85a14cbf-cf1b-4bf6-8c32-757562fe45bb
2025-05-01 14:39:56,515 - INFO - START ethical_guardrails =============================================
2025-05-01 14:39:56,515 - INFO - START ethical_guardrails Start Time = 2025-05-01 14:39:56
2025-05-01 14:39:56,515 - INFO - ethical_guardrails Step 0 - Initialize the configuration file parser
2025-05-01 14:39:56,515 - INFO - Process ethical_guardrails Step 0 - Initializing and starting Logging Process.
2025-05-01 14:41:42,279 - INFO - START ethical_guardrails =============================================
2025-05-01 14:41:42,281 - INFO - START ethical_guardrails Start Time = 2025-05-01 14:41:42
2025-05-01 14:41:42,281 - INFO - ethical_guardrails Step 0 - Initialize the configuration file parser
2025-05-01 14:41:42,283 - INFO - Process ethical_guardrails Step 0 - Initializing and starting Logging Process.
2025-05-01 14:45:32,234 - INFO - START ethical_guardrails =============================================
2025-05-01 14:45:32,235 - INFO - START ethical_guardrails Start Time = 2025-05-01 14:45:32
2025-05-01 14:45:32,235 - INFO - ethical_guardrails Step 0 - Initialize the configuration file parser
2025-05-01 14:45:32,236 - INFO - Process ethical_guardrails Step 0 - Initializing and starting Logging Process.
2025-05-01 14:47:55,913 - INFO - START ethical_guardrails =============================================
2025-05-01 14:47:55,914 - INFO - START ethical_guardrails Start Time = 2025-05-01 14:47:55
2025-05-01 14:47:55,914 - INFO - ethical_guardrails Step 0 - Initialize the configuration file parser
2025-05-01 14:47:55,915 - INFO - Process ethical_guardrails Step 0 - Initializing and starting Logging Process.
2025-05-01 14:49:14,019 - INFO - nlp_engine not provided, creating default.
2025-05-01 14:49:14,043 - WARNING - Model en_core_web_lg is not installed. Downloading...
